<?xml version="1.0" encoding="UTF-8"?>
<TestRun id="6d448de7-0379-4dce-a9eb-ffa89a1fe0ef" name="Robert@ROBERT-KOMPUTER 2011-10-21 10:53:51" runUser="Robert-Komputer\Robert" xmlns="http://microsoft.com/schemas/VisualStudio/TeamTest/2010">
  <TestSettings name="Local" id="1e0b3e12-0f6b-45ee-8c36-c199cef09262">
    <Description>These are default test settings for a local test run.</Description>
    <Deployment enabled="false" runDeploymentRoot="Robert_ROBERT-KOMPUTER 2011-10-21 10_53_51">
      <DeploymentItem filename="C:\Users\Robert\documents\visual studio 2010\Projects\Perceptron1\Perceptron1\bin\Debug\Perceptron1.exe" />
    </Deployment>
    <Execution>
      <TestTypeSpecific />
      <AgentRule name="Execution Agents">
      </AgentRule>
    </Execution>
  </TestSettings>
  <Times creation="2011-10-21T10:53:51.2163351+02:00" queuing="2011-10-21T10:54:00.5451515+02:00" start="2011-10-21T10:54:01.9647540+02:00" finish="2011-10-21T10:54:25.6923956+02:00" />
  <ResultSummary outcome="Error">
    <Counters total="1" executed="1" error="0" failed="0" timeout="0" aborted="1" inconclusive="0" passedButRunAborted="0" notRunnable="0" notExecuted="0" disconnected="0" warning="0" passed="0" completed="0" inProgress="0" pending="0" />
    <RunInfos>
      <RunInfo computerName="ROBERT-KOMPUTER" outcome="Error" timestamp="2011-10-21T10:54:25.6143955+02:00">
        <Text>Test host process exited unexpectedly.</Text>
      </RunInfo>
    </RunInfos>
  </ResultSummary>
  <TestDefinitions>
    <UnitTest name="DimensionTest" storage="c:\users\robert\documents\visual studio 2010\projects\perceptron1\testyjednostkowe\bin\debug\testyjednostkowe.dll" id="3808c4cc-94e5-4c96-fce9-4e388bb87b51">
      <Execution id="dab9ae87-6549-4404-b8aa-8f7ee4916d00" />
      <TestMethod codeBase="C:/Users/Robert/documents/visual studio 2010/Projects/Perceptron1/TestyJednostkowe/bin/Debug/TestyJednostkowe.DLL" adapterTypeName="Microsoft.VisualStudio.TestTools.TestTypes.Unit.UnitTestAdapter, Microsoft.VisualStudio.QualityTools.Tips.UnitTest.Adapter, Version=10.0.0.0, Culture=neutral, PublicKeyToken=b03f5f7f11d50a3a" className="TestyJednostkowe.VectorTest, TestyJednostkowe, Version=1.0.0.0, Culture=neutral, PublicKeyToken=null" name="DimensionTest" />
    </UnitTest>
  </TestDefinitions>
  <TestLists>
    <TestList name="Results Not in a List" id="8c84fa94-04c1-424b-9868-57a2d4851a1d" />
    <TestList name="All Loaded Results" id="19431567-8539-422a-85d7-44ee4e166bda" />
  </TestLists>
  <TestEntries>
    <TestEntry testId="3808c4cc-94e5-4c96-fce9-4e388bb87b51" executionId="dab9ae87-6549-4404-b8aa-8f7ee4916d00" testListId="8c84fa94-04c1-424b-9868-57a2d4851a1d" />
  </TestEntries>
  <Results>
    <UnitTestResult executionId="dab9ae87-6549-4404-b8aa-8f7ee4916d00" testId="3808c4cc-94e5-4c96-fce9-4e388bb87b51" testName="DimensionTest" computerName="ROBERT-KOMPUTER" duration="00:00:23.2596408" startTime="2011-10-21T10:54:02.4327548+02:00" endTime="2011-10-21T10:54:25.6923956+02:00" testType="13cdc9d9-ddb5-4fa4-a97d-d965ccfc6d4b" outcome="Aborted" testListId="8c84fa94-04c1-424b-9868-57a2d4851a1d" relativeResultsDirectory="dab9ae87-6549-4404-b8aa-8f7ee4916d00">
    </UnitTestResult>
  </Results>
</TestRun>