<?xml version="1.0" encoding="UTF-8"?>
<TestRun id="ad3dd2c8-48a8-49be-9006-7d3685ad591b" name="Robert@ROBERT-KOMPUTER 2011-10-21 11:14:18" runUser="Robert-Komputer\Robert" xmlns="http://microsoft.com/schemas/VisualStudio/TeamTest/2010">
  <TestSettings name="Local" id="1e0b3e12-0f6b-45ee-8c36-c199cef09262">
    <Description>These are default test settings for a local test run.</Description>
    <Deployment enabled="false" runDeploymentRoot="Robert_ROBERT-KOMPUTER 2011-10-21 11_14_18">
      <DeploymentItem filename="C:\Users\Robert\documents\visual studio 2010\Projects\Perceptron1\Perceptron1\bin\Debug\Perceptron1.exe" />
    </Deployment>
    <Execution>
      <TestTypeSpecific />
      <AgentRule name="Execution Agents">
      </AgentRule>
    </Execution>
  </TestSettings>
  <Times creation="2011-10-21T11:14:18.0871805+02:00" queuing="2011-10-21T11:14:21.8004398+02:00" start="2011-10-21T11:14:22.3932409+02:00" finish="2011-10-21T11:14:25.6848466+02:00" />
  <ResultSummary outcome="Completed">
    <Counters total="3" executed="3" passed="3" error="0" failed="0" timeout="0" aborted="0" inconclusive="0" passedButRunAborted="0" notRunnable="0" notExecuted="0" disconnected="0" warning="0" completed="0" inProgress="0" pending="0" />
  </ResultSummary>
  <TestDefinitions>
    <UnitTest name="DimensionTest" storage="c:\users\robert\documents\visual studio 2010\projects\perceptron1\testyjednostkowe\bin\debug\testyjednostkowe.dll" id="3808c4cc-94e5-4c96-fce9-4e388bb87b51">
      <Execution id="86255b42-eadb-4301-a10d-e81068abab82" />
      <TestMethod codeBase="C:/Users/Robert/documents/visual studio 2010/Projects/Perceptron1/TestyJednostkowe/bin/Debug/TestyJednostkowe.DLL" adapterTypeName="Microsoft.VisualStudio.TestTools.TestTypes.Unit.UnitTestAdapter, Microsoft.VisualStudio.QualityTools.Tips.UnitTest.Adapter, Version=10.0.0.0, Culture=neutral, PublicKeyToken=b03f5f7f11d50a3a" className="TestyJednostkowe.VectorTest, TestyJednostkowe, Version=1.0.0.0, Culture=neutral, PublicKeyToken=null" name="DimensionTest" />
    </UnitTest>
    <UnitTest name="op_AdditionTest" storage="c:\users\robert\documents\visual studio 2010\projects\perceptron1\testyjednostkowe\bin\debug\testyjednostkowe.dll" id="dc6122d4-970d-9103-3cbb-87421a47c54c">
      <Execution id="e4a875ae-2bdf-437f-9886-9001cde8f6e3" />
      <TestMethod codeBase="C:/Users/Robert/documents/visual studio 2010/Projects/Perceptron1/TestyJednostkowe/bin/Debug/TestyJednostkowe.DLL" adapterTypeName="Microsoft.VisualStudio.TestTools.TestTypes.Unit.UnitTestAdapter, Microsoft.VisualStudio.QualityTools.Tips.UnitTest.Adapter, Version=10.0.0.0, Culture=neutral, PublicKeyToken=b03f5f7f11d50a3a" className="TestyJednostkowe.VectorTest, TestyJednostkowe, Version=1.0.0.0, Culture=neutral, PublicKeyToken=null" name="op_AdditionTest" />
    </UnitTest>
    <UnitTest name="op_MultiplyTest" storage="c:\users\robert\documents\visual studio 2010\projects\perceptron1\testyjednostkowe\bin\debug\testyjednostkowe.dll" id="5d85827d-ea91-4088-2253-b6d54db35356">
      <Execution id="6e96cfa5-d2f0-4ac8-8450-edfc6c84bdcb" />
      <TestMethod codeBase="C:/Users/Robert/documents/visual studio 2010/Projects/Perceptron1/TestyJednostkowe/bin/Debug/TestyJednostkowe.DLL" adapterTypeName="Microsoft.VisualStudio.TestTools.TestTypes.Unit.UnitTestAdapter, Microsoft.VisualStudio.QualityTools.Tips.UnitTest.Adapter, Version=10.0.0.0, Culture=neutral, PublicKeyToken=b03f5f7f11d50a3a" className="TestyJednostkowe.VectorTest, TestyJednostkowe, Version=1.0.0.0, Culture=neutral, PublicKeyToken=null" name="op_MultiplyTest" />
    </UnitTest>
  </TestDefinitions>
  <TestLists>
    <TestList name="Results Not in a List" id="8c84fa94-04c1-424b-9868-57a2d4851a1d" />
    <TestList name="All Loaded Results" id="19431567-8539-422a-85d7-44ee4e166bda" />
  </TestLists>
  <TestEntries>
    <TestEntry testId="3808c4cc-94e5-4c96-fce9-4e388bb87b51" executionId="86255b42-eadb-4301-a10d-e81068abab82" testListId="8c84fa94-04c1-424b-9868-57a2d4851a1d" />
    <TestEntry testId="5d85827d-ea91-4088-2253-b6d54db35356" executionId="6e96cfa5-d2f0-4ac8-8450-edfc6c84bdcb" testListId="8c84fa94-04c1-424b-9868-57a2d4851a1d" />
    <TestEntry testId="dc6122d4-970d-9103-3cbb-87421a47c54c" executionId="e4a875ae-2bdf-437f-9886-9001cde8f6e3" testListId="8c84fa94-04c1-424b-9868-57a2d4851a1d" />
  </TestEntries>
  <Results>
    <UnitTestResult executionId="86255b42-eadb-4301-a10d-e81068abab82" testId="3808c4cc-94e5-4c96-fce9-4e388bb87b51" testName="DimensionTest" computerName="ROBERT-KOMPUTER" duration="00:00:00.1417986" startTime="2011-10-21T11:14:22.9704419+02:00" endTime="2011-10-21T11:14:25.1544457+02:00" testType="13cdc9d9-ddb5-4fa4-a97d-d965ccfc6d4b" outcome="Passed" testListId="8c84fa94-04c1-424b-9868-57a2d4851a1d" relativeResultsDirectory="86255b42-eadb-4301-a10d-e81068abab82">
      <Output>
        <StdOut>Zrzucenie wyjątku w przypadku zerowego wymiaru - OK</StdOut>
      </Output>
    </UnitTestResult>
    <UnitTestResult executionId="6e96cfa5-d2f0-4ac8-8450-edfc6c84bdcb" testId="5d85827d-ea91-4088-2253-b6d54db35356" testName="op_MultiplyTest" computerName="ROBERT-KOMPUTER" duration="00:00:00.0051684" startTime="2011-10-21T11:14:25.1856458+02:00" endTime="2011-10-21T11:14:25.2324458+02:00" testType="13cdc9d9-ddb5-4fa4-a97d-d965ccfc6d4b" outcome="Passed" testListId="8c84fa94-04c1-424b-9868-57a2d4851a1d" relativeResultsDirectory="6e96cfa5-d2f0-4ac8-8450-edfc6c84bdcb">
    </UnitTestResult>
    <UnitTestResult executionId="e4a875ae-2bdf-437f-9886-9001cde8f6e3" testId="dc6122d4-970d-9103-3cbb-87421a47c54c" testName="op_AdditionTest" computerName="ROBERT-KOMPUTER" duration="00:00:00.0052412" startTime="2011-10-21T11:14:25.2636459+02:00" endTime="2011-10-21T11:14:25.3260460+02:00" testType="13cdc9d9-ddb5-4fa4-a97d-d965ccfc6d4b" outcome="Passed" testListId="8c84fa94-04c1-424b-9868-57a2d4851a1d" relativeResultsDirectory="e4a875ae-2bdf-437f-9886-9001cde8f6e3">
    </UnitTestResult>
  </Results>
</TestRun>